------------------------------------------------------------
TimeQuest Timing Analyzer Summary
------------------------------------------------------------

Type  : Slow 1200mV 85C Model Setup 'mipi_clkpll_v3:mipi_clk_gen|altpll:altpll_component|mipi_clkpll_v3_altpll:auto_generated|wire_pll1_clk[1]'
Slack : 0.141
TNS   : 0.000

Type  : Slow 1200mV 85C Model Setup 'clk_gen:main_clk_gen|altpll:altpll_component|clk_gen_altpll:auto_generated|wire_pll1_clk[0]'
Slack : 0.792
TNS   : 0.000

Type  : Slow 1200mV 85C Model Setup 'mipi_clkpll_v3:mipi_clk_gen|altpll:altpll_component|mipi_clkpll_v3_altpll:auto_generated|wire_pll1_clk[0]'
Slack : 2.697
TNS   : 0.000

Type  : Slow 1200mV 85C Model Setup 'clk_gen:main_clk_gen|altpll:altpll_component|clk_gen_altpll:auto_generated|wire_pll1_clk[1]'
Slack : 14.226
TNS   : 0.000

Type  : Slow 1200mV 85C Model Hold 'clk_gen:main_clk_gen|altpll:altpll_component|clk_gen_altpll:auto_generated|wire_pll1_clk[0]'
Slack : 0.312
TNS   : 0.000

Type  : Slow 1200mV 85C Model Hold 'mipi_clkpll_v3:mipi_clk_gen|altpll:altpll_component|mipi_clkpll_v3_altpll:auto_generated|wire_pll1_clk[0]'
Slack : 0.452
TNS   : 0.000

Type  : Slow 1200mV 85C Model Hold 'mipi_clkpll_v3:mipi_clk_gen|altpll:altpll_component|mipi_clkpll_v3_altpll:auto_generated|wire_pll1_clk[1]'
Slack : 0.499
TNS   : 0.000

Type  : Slow 1200mV 85C Model Hold 'clk_gen:main_clk_gen|altpll:altpll_component|clk_gen_altpll:auto_generated|wire_pll1_clk[1]'
Slack : 6.492
TNS   : 0.000

Type  : Slow 1200mV 85C Model Minimum Pulse Width 'mipi_clkpll_v3:mipi_clk_gen|altpll:altpll_component|mipi_clkpll_v3_altpll:auto_generated|wire_pll1_clk[1]'
Slack : -0.084
TNS   : -4.956

Type  : Slow 1200mV 85C Model Minimum Pulse Width 'mipi_clkpll_v3:mipi_clk_gen|altpll:altpll_component|mipi_clkpll_v3_altpll:auto_generated|wire_pll1_clk[0]'
Slack : 9.332
TNS   : 0.000

Type  : Slow 1200mV 85C Model Minimum Pulse Width 'clk_gen:main_clk_gen|altpll:altpll_component|clk_gen_altpll:auto_generated|wire_pll1_clk[0]'
Slack : 10.166
TNS   : 0.000

Type  : Slow 1200mV 85C Model Minimum Pulse Width 'CLK1'
Slack : 10.275
TNS   : 0.000

Type  : Slow 1200mV 85C Model Minimum Pulse Width 'CLK2'
Slack : 19.089
TNS   : 0.000

Type  : Slow 1200mV 0C Model Setup 'mipi_clkpll_v3:mipi_clk_gen|altpll:altpll_component|mipi_clkpll_v3_altpll:auto_generated|wire_pll1_clk[1]'
Slack : 0.336
TNS   : 0.000

Type  : Slow 1200mV 0C Model Setup 'clk_gen:main_clk_gen|altpll:altpll_component|clk_gen_altpll:auto_generated|wire_pll1_clk[0]'
Slack : 1.057
TNS   : 0.000

Type  : Slow 1200mV 0C Model Setup 'mipi_clkpll_v3:mipi_clk_gen|altpll:altpll_component|mipi_clkpll_v3_altpll:auto_generated|wire_pll1_clk[0]'
Slack : 3.923
TNS   : 0.000

Type  : Slow 1200mV 0C Model Setup 'clk_gen:main_clk_gen|altpll:altpll_component|clk_gen_altpll:auto_generated|wire_pll1_clk[1]'
Slack : 15.044
TNS   : 0.000

Type  : Slow 1200mV 0C Model Hold 'clk_gen:main_clk_gen|altpll:altpll_component|clk_gen_altpll:auto_generated|wire_pll1_clk[0]'
Slack : 0.288
TNS   : 0.000

Type  : Slow 1200mV 0C Model Hold 'mipi_clkpll_v3:mipi_clk_gen|altpll:altpll_component|mipi_clkpll_v3_altpll:auto_generated|wire_pll1_clk[0]'
Slack : 0.400
TNS   : 0.000

Type  : Slow 1200mV 0C Model Hold 'mipi_clkpll_v3:mipi_clk_gen|altpll:altpll_component|mipi_clkpll_v3_altpll:auto_generated|wire_pll1_clk[1]'
Slack : 0.469
TNS   : 0.000

Type  : Slow 1200mV 0C Model Hold 'clk_gen:main_clk_gen|altpll:altpll_component|clk_gen_altpll:auto_generated|wire_pll1_clk[1]'
Slack : 5.721
TNS   : 0.000

Type  : Slow 1200mV 0C Model Minimum Pulse Width 'mipi_clkpll_v3:mipi_clk_gen|altpll:altpll_component|mipi_clkpll_v3_altpll:auto_generated|wire_pll1_clk[1]'
Slack : -0.084
TNS   : -4.956

Type  : Slow 1200mV 0C Model Minimum Pulse Width 'mipi_clkpll_v3:mipi_clk_gen|altpll:altpll_component|mipi_clkpll_v3_altpll:auto_generated|wire_pll1_clk[0]'
Slack : 9.331
TNS   : 0.000

Type  : Slow 1200mV 0C Model Minimum Pulse Width 'clk_gen:main_clk_gen|altpll:altpll_component|clk_gen_altpll:auto_generated|wire_pll1_clk[0]'
Slack : 10.125
TNS   : 0.000

Type  : Slow 1200mV 0C Model Minimum Pulse Width 'CLK1'
Slack : 10.272
TNS   : 0.000

Type  : Slow 1200mV 0C Model Minimum Pulse Width 'CLK2'
Slack : 19.086
TNS   : 0.000

Type  : Fast 1200mV 0C Model Setup 'mipi_clkpll_v3:mipi_clk_gen|altpll:altpll_component|mipi_clkpll_v3_altpll:auto_generated|wire_pll1_clk[1]'
Slack : 1.423
TNS   : 0.000

Type  : Fast 1200mV 0C Model Setup 'clk_gen:main_clk_gen|altpll:altpll_component|clk_gen_altpll:auto_generated|wire_pll1_clk[0]'
Slack : 3.136
TNS   : 0.000

Type  : Fast 1200mV 0C Model Setup 'mipi_clkpll_v3:mipi_clk_gen|altpll:altpll_component|mipi_clkpll_v3_altpll:auto_generated|wire_pll1_clk[0]'
Slack : 11.105
TNS   : 0.000

Type  : Fast 1200mV 0C Model Setup 'clk_gen:main_clk_gen|altpll:altpll_component|clk_gen_altpll:auto_generated|wire_pll1_clk[1]'
Slack : 17.454
TNS   : 0.000

Type  : Fast 1200mV 0C Model Hold 'clk_gen:main_clk_gen|altpll:altpll_component|clk_gen_altpll:auto_generated|wire_pll1_clk[0]'
Slack : 0.105
TNS   : 0.000

Type  : Fast 1200mV 0C Model Hold 'mipi_clkpll_v3:mipi_clk_gen|altpll:altpll_component|mipi_clkpll_v3_altpll:auto_generated|wire_pll1_clk[0]'
Slack : 0.186
TNS   : 0.000

Type  : Fast 1200mV 0C Model Hold 'mipi_clkpll_v3:mipi_clk_gen|altpll:altpll_component|mipi_clkpll_v3_altpll:auto_generated|wire_pll1_clk[1]'
Slack : 0.192
TNS   : 0.000

Type  : Fast 1200mV 0C Model Hold 'clk_gen:main_clk_gen|altpll:altpll_component|clk_gen_altpll:auto_generated|wire_pll1_clk[1]'
Slack : 3.293
TNS   : 0.000

Type  : Fast 1200mV 0C Model Minimum Pulse Width 'mipi_clkpll_v3:mipi_clk_gen|altpll:altpll_component|mipi_clkpll_v3_altpll:auto_generated|wire_pll1_clk[1]'
Slack : 0.403
TNS   : 0.000

Type  : Fast 1200mV 0C Model Minimum Pulse Width 'mipi_clkpll_v3:mipi_clk_gen|altpll:altpll_component|mipi_clkpll_v3_altpll:auto_generated|wire_pll1_clk[0]'
Slack : 9.352
TNS   : 0.000

Type  : Fast 1200mV 0C Model Minimum Pulse Width 'CLK1'
Slack : 9.840
TNS   : 0.000

Type  : Fast 1200mV 0C Model Minimum Pulse Width 'clk_gen:main_clk_gen|altpll:altpll_component|clk_gen_altpll:auto_generated|wire_pll1_clk[0]'
Slack : 10.145
TNS   : 0.000

Type  : Fast 1200mV 0C Model Minimum Pulse Width 'CLK2'
Slack : 18.654
TNS   : 0.000

------------------------------------------------------------
