------------------------------------------------------------
TimeQuest Timing Analyzer Summary
------------------------------------------------------------

Type  : Slow 1200mV 85C Model Setup 'mipi_clkpll_v3:mipi_clk_gen|altpll:altpll_component|mipi_clkpll_v3_altpll:auto_generated|wire_pll1_clk[1]'
Slack : 0.090
TNS   : 0.000

Type  : Slow 1200mV 85C Model Setup 'clk_gen:main_clk_gen|altpll:altpll_component|clk_gen_altpll:auto_generated|wire_pll1_clk[0]'
Slack : 0.423
TNS   : 0.000

Type  : Slow 1200mV 85C Model Setup 'mipi_clkpll_v3:mipi_clk_gen|altpll:altpll_component|mipi_clkpll_v3_altpll:auto_generated|wire_pll1_clk[0]'
Slack : 3.034
TNS   : 0.000

Type  : Slow 1200mV 85C Model Setup 'clk_gen:main_clk_gen|altpll:altpll_component|clk_gen_altpll:auto_generated|wire_pll1_clk[2]'
Slack : 7.584
TNS   : 0.000

Type  : Slow 1200mV 85C Model Setup 'clk_gen:main_clk_gen|altpll:altpll_component|clk_gen_altpll:auto_generated|wire_pll1_clk[1]'
Slack : 14.222
TNS   : 0.000

Type  : Slow 1200mV 85C Model Setup 'altera_reserved_tck'
Slack : 42.510
TNS   : 0.000

Type  : Slow 1200mV 85C Model Hold 'mipi_clkpll_v3:mipi_clk_gen|altpll:altpll_component|mipi_clkpll_v3_altpll:auto_generated|wire_pll1_clk[0]'
Slack : 0.305
TNS   : 0.000

Type  : Slow 1200mV 85C Model Hold 'clk_gen:main_clk_gen|altpll:altpll_component|clk_gen_altpll:auto_generated|wire_pll1_clk[0]'
Slack : 0.403
TNS   : 0.000

Type  : Slow 1200mV 85C Model Hold 'altera_reserved_tck'
Slack : 0.452
TNS   : 0.000

Type  : Slow 1200mV 85C Model Hold 'clk_gen:main_clk_gen|altpll:altpll_component|clk_gen_altpll:auto_generated|wire_pll1_clk[2]'
Slack : 0.453
TNS   : 0.000

Type  : Slow 1200mV 85C Model Hold 'mipi_clkpll_v3:mipi_clk_gen|altpll:altpll_component|mipi_clkpll_v3_altpll:auto_generated|wire_pll1_clk[1]'
Slack : 0.500
TNS   : 0.000

Type  : Slow 1200mV 85C Model Hold 'clk_gen:main_clk_gen|altpll:altpll_component|clk_gen_altpll:auto_generated|wire_pll1_clk[1]'
Slack : 6.496
TNS   : 0.000

Type  : Slow 1200mV 85C Model Recovery 'altera_reserved_tck'
Slack : 47.961
TNS   : 0.000

Type  : Slow 1200mV 85C Model Removal 'altera_reserved_tck'
Slack : 1.307
TNS   : 0.000

Type  : Slow 1200mV 85C Model Minimum Pulse Width 'mipi_clkpll_v3:mipi_clk_gen|altpll:altpll_component|mipi_clkpll_v3_altpll:auto_generated|wire_pll1_clk[1]'
Slack : -0.084
TNS   : -5.544

Type  : Slow 1200mV 85C Model Minimum Pulse Width 'clk_gen:main_clk_gen|altpll:altpll_component|clk_gen_altpll:auto_generated|wire_pll1_clk[2]'
Slack : 4.928
TNS   : 0.000

Type  : Slow 1200mV 85C Model Minimum Pulse Width 'mipi_clkpll_v3:mipi_clk_gen|altpll:altpll_component|mipi_clkpll_v3_altpll:auto_generated|wire_pll1_clk[0]'
Slack : 9.333
TNS   : 0.000

Type  : Slow 1200mV 85C Model Minimum Pulse Width 'clk_gen:main_clk_gen|altpll:altpll_component|clk_gen_altpll:auto_generated|wire_pll1_clk[0]'
Slack : 10.173
TNS   : 0.000

Type  : Slow 1200mV 85C Model Minimum Pulse Width 'CLK1'
Slack : 10.275
TNS   : 0.000

Type  : Slow 1200mV 85C Model Minimum Pulse Width 'CLK2'
Slack : 19.089
TNS   : 0.000

Type  : Slow 1200mV 85C Model Minimum Pulse Width 'altera_reserved_tck'
Slack : 49.389
TNS   : 0.000

Type  : Slow 1200mV 0C Model Setup 'mipi_clkpll_v3:mipi_clk_gen|altpll:altpll_component|mipi_clkpll_v3_altpll:auto_generated|wire_pll1_clk[1]'
Slack : 0.292
TNS   : 0.000

Type  : Slow 1200mV 0C Model Setup 'clk_gen:main_clk_gen|altpll:altpll_component|clk_gen_altpll:auto_generated|wire_pll1_clk[0]'
Slack : 0.500
TNS   : 0.000

Type  : Slow 1200mV 0C Model Setup 'mipi_clkpll_v3:mipi_clk_gen|altpll:altpll_component|mipi_clkpll_v3_altpll:auto_generated|wire_pll1_clk[0]'
Slack : 4.221
TNS   : 0.000

Type  : Slow 1200mV 0C Model Setup 'clk_gen:main_clk_gen|altpll:altpll_component|clk_gen_altpll:auto_generated|wire_pll1_clk[2]'
Slack : 7.838
TNS   : 0.000

Type  : Slow 1200mV 0C Model Setup 'clk_gen:main_clk_gen|altpll:altpll_component|clk_gen_altpll:auto_generated|wire_pll1_clk[1]'
Slack : 15.041
TNS   : 0.000

Type  : Slow 1200mV 0C Model Setup 'altera_reserved_tck'
Slack : 43.010
TNS   : 0.000

Type  : Slow 1200mV 0C Model Hold 'mipi_clkpll_v3:mipi_clk_gen|altpll:altpll_component|mipi_clkpll_v3_altpll:auto_generated|wire_pll1_clk[0]'
Slack : 0.298
TNS   : 0.000

Type  : Slow 1200mV 0C Model Hold 'clk_gen:main_clk_gen|altpll:altpll_component|clk_gen_altpll:auto_generated|wire_pll1_clk[0]'
Slack : 0.373
TNS   : 0.000

Type  : Slow 1200mV 0C Model Hold 'altera_reserved_tck'
Slack : 0.400
TNS   : 0.000

Type  : Slow 1200mV 0C Model Hold 'clk_gen:main_clk_gen|altpll:altpll_component|clk_gen_altpll:auto_generated|wire_pll1_clk[2]'
Slack : 0.401
TNS   : 0.000

Type  : Slow 1200mV 0C Model Hold 'mipi_clkpll_v3:mipi_clk_gen|altpll:altpll_component|mipi_clkpll_v3_altpll:auto_generated|wire_pll1_clk[1]'
Slack : 0.469
TNS   : 0.000

Type  : Slow 1200mV 0C Model Hold 'clk_gen:main_clk_gen|altpll:altpll_component|clk_gen_altpll:auto_generated|wire_pll1_clk[1]'
Slack : 5.724
TNS   : 0.000

Type  : Slow 1200mV 0C Model Recovery 'altera_reserved_tck'
Slack : 48.250
TNS   : 0.000

Type  : Slow 1200mV 0C Model Removal 'altera_reserved_tck'
Slack : 1.211
TNS   : 0.000

Type  : Slow 1200mV 0C Model Minimum Pulse Width 'mipi_clkpll_v3:mipi_clk_gen|altpll:altpll_component|mipi_clkpll_v3_altpll:auto_generated|wire_pll1_clk[1]'
Slack : -0.084
TNS   : -5.544

Type  : Slow 1200mV 0C Model Minimum Pulse Width 'clk_gen:main_clk_gen|altpll:altpll_component|clk_gen_altpll:auto_generated|wire_pll1_clk[2]'
Slack : 4.926
TNS   : 0.000

Type  : Slow 1200mV 0C Model Minimum Pulse Width 'mipi_clkpll_v3:mipi_clk_gen|altpll:altpll_component|mipi_clkpll_v3_altpll:auto_generated|wire_pll1_clk[0]'
Slack : 9.331
TNS   : 0.000

Type  : Slow 1200mV 0C Model Minimum Pulse Width 'clk_gen:main_clk_gen|altpll:altpll_component|clk_gen_altpll:auto_generated|wire_pll1_clk[0]'
Slack : 10.179
TNS   : 0.000

Type  : Slow 1200mV 0C Model Minimum Pulse Width 'CLK1'
Slack : 10.272
TNS   : 0.000

Type  : Slow 1200mV 0C Model Minimum Pulse Width 'CLK2'
Slack : 19.086
TNS   : 0.000

Type  : Slow 1200mV 0C Model Minimum Pulse Width 'altera_reserved_tck'
Slack : 49.234
TNS   : 0.000

Type  : Fast 1200mV 0C Model Setup 'mipi_clkpll_v3:mipi_clk_gen|altpll:altpll_component|mipi_clkpll_v3_altpll:auto_generated|wire_pll1_clk[1]'
Slack : 1.398
TNS   : 0.000

Type  : Fast 1200mV 0C Model Setup 'clk_gen:main_clk_gen|altpll:altpll_component|clk_gen_altpll:auto_generated|wire_pll1_clk[0]'
Slack : 3.119
TNS   : 0.000

Type  : Fast 1200mV 0C Model Setup 'clk_gen:main_clk_gen|altpll:altpll_component|clk_gen_altpll:auto_generated|wire_pll1_clk[2]'
Slack : 9.190
TNS   : 0.000

Type  : Fast 1200mV 0C Model Setup 'mipi_clkpll_v3:mipi_clk_gen|altpll:altpll_component|mipi_clkpll_v3_altpll:auto_generated|wire_pll1_clk[0]'
Slack : 11.256
TNS   : 0.000

Type  : Fast 1200mV 0C Model Setup 'clk_gen:main_clk_gen|altpll:altpll_component|clk_gen_altpll:auto_generated|wire_pll1_clk[1]'
Slack : 17.452
TNS   : 0.000

Type  : Fast 1200mV 0C Model Setup 'altera_reserved_tck'
Slack : 46.978
TNS   : 0.000

Type  : Fast 1200mV 0C Model Hold 'mipi_clkpll_v3:mipi_clk_gen|altpll:altpll_component|mipi_clkpll_v3_altpll:auto_generated|wire_pll1_clk[0]'
Slack : 0.088
TNS   : 0.000

Type  : Fast 1200mV 0C Model Hold 'clk_gen:main_clk_gen|altpll:altpll_component|clk_gen_altpll:auto_generated|wire_pll1_clk[0]'
Slack : 0.148
TNS   : 0.000

Type  : Fast 1200mV 0C Model Hold 'altera_reserved_tck'
Slack : 0.186
TNS   : 0.000

Type  : Fast 1200mV 0C Model Hold 'clk_gen:main_clk_gen|altpll:altpll_component|clk_gen_altpll:auto_generated|wire_pll1_clk[2]'
Slack : 0.186
TNS   : 0.000

Type  : Fast 1200mV 0C Model Hold 'mipi_clkpll_v3:mipi_clk_gen|altpll:altpll_component|mipi_clkpll_v3_altpll:auto_generated|wire_pll1_clk[1]'
Slack : 0.193
TNS   : 0.000

Type  : Fast 1200mV 0C Model Hold 'clk_gen:main_clk_gen|altpll:altpll_component|clk_gen_altpll:auto_generated|wire_pll1_clk[1]'
Slack : 3.295
TNS   : 0.000

Type  : Fast 1200mV 0C Model Recovery 'altera_reserved_tck'
Slack : 49.405
TNS   : 0.000

Type  : Fast 1200mV 0C Model Removal 'altera_reserved_tck'
Slack : 0.554
TNS   : 0.000

Type  : Fast 1200mV 0C Model Minimum Pulse Width 'mipi_clkpll_v3:mipi_clk_gen|altpll:altpll_component|mipi_clkpll_v3_altpll:auto_generated|wire_pll1_clk[1]'
Slack : 0.403
TNS   : 0.000

Type  : Fast 1200mV 0C Model Minimum Pulse Width 'clk_gen:main_clk_gen|altpll:altpll_component|clk_gen_altpll:auto_generated|wire_pll1_clk[2]'
Slack : 5.007
TNS   : 0.000

Type  : Fast 1200mV 0C Model Minimum Pulse Width 'mipi_clkpll_v3:mipi_clk_gen|altpll:altpll_component|mipi_clkpll_v3_altpll:auto_generated|wire_pll1_clk[0]'
Slack : 9.348
TNS   : 0.000

Type  : Fast 1200mV 0C Model Minimum Pulse Width 'CLK1'
Slack : 9.840
TNS   : 0.000

Type  : Fast 1200mV 0C Model Minimum Pulse Width 'clk_gen:main_clk_gen|altpll:altpll_component|clk_gen_altpll:auto_generated|wire_pll1_clk[0]'
Slack : 10.160
TNS   : 0.000

Type  : Fast 1200mV 0C Model Minimum Pulse Width 'CLK2'
Slack : 18.654
TNS   : 0.000

Type  : Fast 1200mV 0C Model Minimum Pulse Width 'altera_reserved_tck'
Slack : 49.281
TNS   : 0.000

------------------------------------------------------------
