------------------------------------------------------------
TimeQuest Timing Analyzer Summary
------------------------------------------------------------

Type  : Slow 1200mV 85C Model Setup 'clk_gen:main_clk_gen|altpll:altpll_component|clk_gen_altpll:auto_generated|wire_pll1_clk[2]'
Slack : -14.828
TNS   : -1557.478

Type  : Slow 1200mV 85C Model Setup 'mipi_clkpll:mipi_clk_gen|altpll:altpll_component|mipi_clkpll_altpll:auto_generated|wire_pll1_clk[1]'
Slack : -3.556
TNS   : -51.007

Type  : Slow 1200mV 85C Model Setup 'clk_gen:main_clk_gen|altpll:altpll_component|clk_gen_altpll:auto_generated|wire_pll1_clk[0]'
Slack : -3.406
TNS   : -40.299

Type  : Slow 1200mV 85C Model Setup 'clk_gen:main_clk_gen|altpll:altpll_component|clk_gen_altpll:auto_generated|wire_pll1_clk[1]'
Slack : 14.224
TNS   : 0.000

Type  : Slow 1200mV 85C Model Setup 'altera_reserved_tck'
Slack : 42.643
TNS   : 0.000

Type  : Slow 1200mV 85C Model Hold 'clk_gen:main_clk_gen|altpll:altpll_component|clk_gen_altpll:auto_generated|wire_pll1_clk[2]'
Slack : -2.095
TNS   : -33.105

Type  : Slow 1200mV 85C Model Hold 'clk_gen:main_clk_gen|altpll:altpll_component|clk_gen_altpll:auto_generated|wire_pll1_clk[0]'
Slack : 0.435
TNS   : 0.000

Type  : Slow 1200mV 85C Model Hold 'altera_reserved_tck'
Slack : 0.452
TNS   : 0.000

Type  : Slow 1200mV 85C Model Hold 'mipi_clkpll:mipi_clk_gen|altpll:altpll_component|mipi_clkpll_altpll:auto_generated|wire_pll1_clk[1]'
Slack : 0.452
TNS   : 0.000

Type  : Slow 1200mV 85C Model Hold 'clk_gen:main_clk_gen|altpll:altpll_component|clk_gen_altpll:auto_generated|wire_pll1_clk[1]'
Slack : 6.494
TNS   : 0.000

Type  : Slow 1200mV 85C Model Recovery 'altera_reserved_tck'
Slack : 48.311
TNS   : 0.000

Type  : Slow 1200mV 85C Model Removal 'altera_reserved_tck'
Slack : 1.151
TNS   : 0.000

Type  : Slow 1200mV 85C Model Minimum Pulse Width 'clk_gen:main_clk_gen|altpll:altpll_component|clk_gen_altpll:auto_generated|wire_pll1_clk[2]'
Slack : 9.307
TNS   : 0.000

Type  : Slow 1200mV 85C Model Minimum Pulse Width 'clk_gen:main_clk_gen|altpll:altpll_component|clk_gen_altpll:auto_generated|wire_pll1_clk[0]'
Slack : 10.167
TNS   : 0.000

Type  : Slow 1200mV 85C Model Minimum Pulse Width 'CLK1'
Slack : 10.275
TNS   : 0.000

Type  : Slow 1200mV 85C Model Minimum Pulse Width 'mipi_clkpll:mipi_clk_gen|altpll:altpll_component|mipi_clkpll_altpll:auto_generated|wire_pll1_clk[1]'
Slack : 18.186
TNS   : 0.000

Type  : Slow 1200mV 85C Model Minimum Pulse Width 'CLK2'
Slack : 19.063
TNS   : 0.000

Type  : Slow 1200mV 85C Model Minimum Pulse Width 'altera_reserved_tck'
Slack : 49.387
TNS   : 0.000

Type  : Slow 1200mV 0C Model Setup 'clk_gen:main_clk_gen|altpll:altpll_component|clk_gen_altpll:auto_generated|wire_pll1_clk[2]'
Slack : -15.084
TNS   : -1451.696

Type  : Slow 1200mV 0C Model Setup 'mipi_clkpll:mipi_clk_gen|altpll:altpll_component|mipi_clkpll_altpll:auto_generated|wire_pll1_clk[1]'
Slack : -3.473
TNS   : -49.749

Type  : Slow 1200mV 0C Model Setup 'clk_gen:main_clk_gen|altpll:altpll_component|clk_gen_altpll:auto_generated|wire_pll1_clk[0]'
Slack : -3.071
TNS   : -36.683

Type  : Slow 1200mV 0C Model Setup 'clk_gen:main_clk_gen|altpll:altpll_component|clk_gen_altpll:auto_generated|wire_pll1_clk[1]'
Slack : 15.043
TNS   : 0.000

Type  : Slow 1200mV 0C Model Setup 'altera_reserved_tck'
Slack : 43.207
TNS   : 0.000

Type  : Slow 1200mV 0C Model Hold 'clk_gen:main_clk_gen|altpll:altpll_component|clk_gen_altpll:auto_generated|wire_pll1_clk[2]'
Slack : -1.683
TNS   : -26.519

Type  : Slow 1200mV 0C Model Hold 'clk_gen:main_clk_gen|altpll:altpll_component|clk_gen_altpll:auto_generated|wire_pll1_clk[0]'
Slack : 0.388
TNS   : 0.000

Type  : Slow 1200mV 0C Model Hold 'altera_reserved_tck'
Slack : 0.400
TNS   : 0.000

Type  : Slow 1200mV 0C Model Hold 'mipi_clkpll:mipi_clk_gen|altpll:altpll_component|mipi_clkpll_altpll:auto_generated|wire_pll1_clk[1]'
Slack : 0.400
TNS   : 0.000

Type  : Slow 1200mV 0C Model Hold 'clk_gen:main_clk_gen|altpll:altpll_component|clk_gen_altpll:auto_generated|wire_pll1_clk[1]'
Slack : 5.723
TNS   : 0.000

Type  : Slow 1200mV 0C Model Recovery 'altera_reserved_tck'
Slack : 48.578
TNS   : 0.000

Type  : Slow 1200mV 0C Model Removal 'altera_reserved_tck'
Slack : 1.050
TNS   : 0.000

Type  : Slow 1200mV 0C Model Minimum Pulse Width 'clk_gen:main_clk_gen|altpll:altpll_component|clk_gen_altpll:auto_generated|wire_pll1_clk[2]'
Slack : 9.280
TNS   : 0.000

Type  : Slow 1200mV 0C Model Minimum Pulse Width 'clk_gen:main_clk_gen|altpll:altpll_component|clk_gen_altpll:auto_generated|wire_pll1_clk[0]'
Slack : 10.123
TNS   : 0.000

Type  : Slow 1200mV 0C Model Minimum Pulse Width 'CLK1'
Slack : 10.272
TNS   : 0.000

Type  : Slow 1200mV 0C Model Minimum Pulse Width 'mipi_clkpll:mipi_clk_gen|altpll:altpll_component|mipi_clkpll_altpll:auto_generated|wire_pll1_clk[1]'
Slack : 18.161
TNS   : 0.000

Type  : Slow 1200mV 0C Model Minimum Pulse Width 'CLK2'
Slack : 19.066
TNS   : 0.000

Type  : Slow 1200mV 0C Model Minimum Pulse Width 'altera_reserved_tck'
Slack : 49.233
TNS   : 0.000

Type  : Fast 1200mV 0C Model Setup 'clk_gen:main_clk_gen|altpll:altpll_component|clk_gen_altpll:auto_generated|wire_pll1_clk[2]'
Slack : -14.933
TNS   : -987.091

Type  : Fast 1200mV 0C Model Setup 'mipi_clkpll:mipi_clk_gen|altpll:altpll_component|mipi_clkpll_altpll:auto_generated|wire_pll1_clk[1]'
Slack : -1.706
TNS   : -24.406

Type  : Fast 1200mV 0C Model Setup 'clk_gen:main_clk_gen|altpll:altpll_component|clk_gen_altpll:auto_generated|wire_pll1_clk[0]'
Slack : -1.655
TNS   : -19.780

Type  : Fast 1200mV 0C Model Setup 'clk_gen:main_clk_gen|altpll:altpll_component|clk_gen_altpll:auto_generated|wire_pll1_clk[1]'
Slack : 17.453
TNS   : 0.000

Type  : Fast 1200mV 0C Model Setup 'altera_reserved_tck'
Slack : 47.067
TNS   : 0.000

Type  : Fast 1200mV 0C Model Hold 'clk_gen:main_clk_gen|altpll:altpll_component|clk_gen_altpll:auto_generated|wire_pll1_clk[2]'
Slack : -0.736
TNS   : -11.413

Type  : Fast 1200mV 0C Model Hold 'clk_gen:main_clk_gen|altpll:altpll_component|clk_gen_altpll:auto_generated|wire_pll1_clk[0]'
Slack : 0.173
TNS   : 0.000

Type  : Fast 1200mV 0C Model Hold 'altera_reserved_tck'
Slack : 0.186
TNS   : 0.000

Type  : Fast 1200mV 0C Model Hold 'mipi_clkpll:mipi_clk_gen|altpll:altpll_component|mipi_clkpll_altpll:auto_generated|wire_pll1_clk[1]'
Slack : 0.186
TNS   : 0.000

Type  : Fast 1200mV 0C Model Hold 'clk_gen:main_clk_gen|altpll:altpll_component|clk_gen_altpll:auto_generated|wire_pll1_clk[1]'
Slack : 3.293
TNS   : 0.000

Type  : Fast 1200mV 0C Model Recovery 'altera_reserved_tck'
Slack : 49.573
TNS   : 0.000

Type  : Fast 1200mV 0C Model Removal 'altera_reserved_tck'
Slack : 0.504
TNS   : 0.000

Type  : Fast 1200mV 0C Model Minimum Pulse Width 'clk_gen:main_clk_gen|altpll:altpll_component|clk_gen_altpll:auto_generated|wire_pll1_clk[2]'
Slack : 9.348
TNS   : 0.000

Type  : Fast 1200mV 0C Model Minimum Pulse Width 'CLK1'
Slack : 9.840
TNS   : 0.000

Type  : Fast 1200mV 0C Model Minimum Pulse Width 'clk_gen:main_clk_gen|altpll:altpll_component|clk_gen_altpll:auto_generated|wire_pll1_clk[0]'
Slack : 10.144
TNS   : 0.000

Type  : Fast 1200mV 0C Model Minimum Pulse Width 'mipi_clkpll:mipi_clk_gen|altpll:altpll_component|mipi_clkpll_altpll:auto_generated|wire_pll1_clk[1]'
Slack : 18.229
TNS   : 0.000

Type  : Fast 1200mV 0C Model Minimum Pulse Width 'CLK2'
Slack : 18.670
TNS   : 0.000

Type  : Fast 1200mV 0C Model Minimum Pulse Width 'altera_reserved_tck'
Slack : 49.281
TNS   : 0.000

------------------------------------------------------------
