------------------------------------------------------------
TimeQuest Timing Analyzer Summary
------------------------------------------------------------

Type  : Slow 1200mV 85C Model Setup 'clk_gen:main_clk_gen|altpll:altpll_component|clk_gen_altpll:auto_generated|wire_pll1_clk[0]'
Slack : -10.641
TNS   : -252.992

Type  : Slow 1200mV 85C Model Setup 'mipi_clkpll:mipi_clk_gen|altpll:altpll_component|mipi_clkpll_altpll:auto_generated|wire_pll1_clk[0]'
Slack : -5.148
TNS   : -319.013

Type  : Slow 1200mV 85C Model Setup 'usb_ifclk'
Slack : -0.965
TNS   : -11.026

Type  : Slow 1200mV 85C Model Setup 'altera_reserved_tck'
Slack : 43.027
TNS   : 0.000

Type  : Slow 1200mV 85C Model Hold 'usb_ifclk'
Slack : -3.725
TNS   : -6147.046

Type  : Slow 1200mV 85C Model Hold 'clk_gen:main_clk_gen|altpll:altpll_component|clk_gen_altpll:auto_generated|wire_pll1_clk[0]'
Slack : 0.322
TNS   : 0.000

Type  : Slow 1200mV 85C Model Hold 'altera_reserved_tck'
Slack : 0.452
TNS   : 0.000

Type  : Slow 1200mV 85C Model Hold 'mipi_clkpll:mipi_clk_gen|altpll:altpll_component|mipi_clkpll_altpll:auto_generated|wire_pll1_clk[0]'
Slack : 0.452
TNS   : 0.000

Type  : Slow 1200mV 85C Model Recovery 'altera_reserved_tck'
Slack : 47.898
TNS   : 0.000

Type  : Slow 1200mV 85C Model Removal 'altera_reserved_tck'
Slack : 1.131
TNS   : 0.000

Type  : Slow 1200mV 85C Model Minimum Pulse Width 'CLK2'
Slack : 8.647
TNS   : 0.000

Type  : Slow 1200mV 85C Model Minimum Pulse Width 'mipi_clkpll:mipi_clk_gen|altpll:altpll_component|mipi_clkpll_altpll:auto_generated|wire_pll1_clk[0]'
Slack : 9.331
TNS   : 0.000

Type  : Slow 1200mV 85C Model Minimum Pulse Width 'clk_gen:main_clk_gen|altpll:altpll_component|clk_gen_altpll:auto_generated|wire_pll1_clk[0]'
Slack : 10.114
TNS   : 0.000

Type  : Slow 1200mV 85C Model Minimum Pulse Width 'usb_ifclk'
Slack : 10.114
TNS   : 0.000

Type  : Slow 1200mV 85C Model Minimum Pulse Width 'CLK1'
Slack : 10.275
TNS   : 0.000

Type  : Slow 1200mV 85C Model Minimum Pulse Width 'altera_reserved_tck'
Slack : 49.396
TNS   : 0.000

Type  : Slow 1200mV 0C Model Setup 'clk_gen:main_clk_gen|altpll:altpll_component|clk_gen_altpll:auto_generated|wire_pll1_clk[0]'
Slack : -10.051
TNS   : -167.174

Type  : Slow 1200mV 0C Model Setup 'mipi_clkpll:mipi_clk_gen|altpll:altpll_component|mipi_clkpll_altpll:auto_generated|wire_pll1_clk[0]'
Slack : -4.911
TNS   : -310.524

Type  : Slow 1200mV 0C Model Setup 'usb_ifclk'
Slack : 0.221
TNS   : 0.000

Type  : Slow 1200mV 0C Model Setup 'altera_reserved_tck'
Slack : 43.453
TNS   : 0.000

Type  : Slow 1200mV 0C Model Hold 'usb_ifclk'
Slack : -3.141
TNS   : -5090.840

Type  : Slow 1200mV 0C Model Hold 'clk_gen:main_clk_gen|altpll:altpll_component|clk_gen_altpll:auto_generated|wire_pll1_clk[0]'
Slack : 0.311
TNS   : 0.000

Type  : Slow 1200mV 0C Model Hold 'altera_reserved_tck'
Slack : 0.400
TNS   : 0.000

Type  : Slow 1200mV 0C Model Hold 'mipi_clkpll:mipi_clk_gen|altpll:altpll_component|mipi_clkpll_altpll:auto_generated|wire_pll1_clk[0]'
Slack : 0.401
TNS   : 0.000

Type  : Slow 1200mV 0C Model Recovery 'altera_reserved_tck'
Slack : 48.184
TNS   : 0.000

Type  : Slow 1200mV 0C Model Removal 'altera_reserved_tck'
Slack : 1.034
TNS   : 0.000

Type  : Slow 1200mV 0C Model Minimum Pulse Width 'CLK2'
Slack : 8.650
TNS   : 0.000

Type  : Slow 1200mV 0C Model Minimum Pulse Width 'mipi_clkpll:mipi_clk_gen|altpll:altpll_component|mipi_clkpll_altpll:auto_generated|wire_pll1_clk[0]'
Slack : 9.333
TNS   : 0.000

Type  : Slow 1200mV 0C Model Minimum Pulse Width 'clk_gen:main_clk_gen|altpll:altpll_component|clk_gen_altpll:auto_generated|wire_pll1_clk[0]'
Slack : 10.081
TNS   : 0.000

Type  : Slow 1200mV 0C Model Minimum Pulse Width 'usb_ifclk'
Slack : 10.081
TNS   : 0.000

Type  : Slow 1200mV 0C Model Minimum Pulse Width 'CLK1'
Slack : 10.272
TNS   : 0.000

Type  : Slow 1200mV 0C Model Minimum Pulse Width 'altera_reserved_tck'
Slack : 49.243
TNS   : 0.000

Type  : Fast 1200mV 0C Model Setup 'clk_gen:main_clk_gen|altpll:altpll_component|clk_gen_altpll:auto_generated|wire_pll1_clk[0]'
Slack : -4.982
TNS   : -12.339

Type  : Fast 1200mV 0C Model Setup 'mipi_clkpll:mipi_clk_gen|altpll:altpll_component|mipi_clkpll_altpll:auto_generated|wire_pll1_clk[0]'
Slack : -2.189
TNS   : -139.039

Type  : Fast 1200mV 0C Model Setup 'usb_ifclk'
Slack : 3.606
TNS   : 0.000

Type  : Fast 1200mV 0C Model Setup 'altera_reserved_tck'
Slack : 47.349
TNS   : 0.000

Type  : Fast 1200mV 0C Model Hold 'usb_ifclk'
Slack : -2.068
TNS   : -3675.726

Type  : Fast 1200mV 0C Model Hold 'clk_gen:main_clk_gen|altpll:altpll_component|clk_gen_altpll:auto_generated|wire_pll1_clk[0]'
Slack : 0.097
TNS   : 0.000

Type  : Fast 1200mV 0C Model Hold 'altera_reserved_tck'
Slack : 0.186
TNS   : 0.000

Type  : Fast 1200mV 0C Model Hold 'mipi_clkpll:mipi_clk_gen|altpll:altpll_component|mipi_clkpll_altpll:auto_generated|wire_pll1_clk[0]'
Slack : 0.186
TNS   : 0.000

Type  : Fast 1200mV 0C Model Recovery 'altera_reserved_tck'
Slack : 49.394
TNS   : 0.000

Type  : Fast 1200mV 0C Model Removal 'altera_reserved_tck'
Slack : 0.493
TNS   : 0.000

Type  : Fast 1200mV 0C Model Minimum Pulse Width 'CLK2'
Slack : 8.254
TNS   : 0.000

Type  : Fast 1200mV 0C Model Minimum Pulse Width 'mipi_clkpll:mipi_clk_gen|altpll:altpll_component|mipi_clkpll_altpll:auto_generated|wire_pll1_clk[0]'
Slack : 9.352
TNS   : 0.000

Type  : Fast 1200mV 0C Model Minimum Pulse Width 'CLK1'
Slack : 9.840
TNS   : 0.000

Type  : Fast 1200mV 0C Model Minimum Pulse Width 'clk_gen:main_clk_gen|altpll:altpll_component|clk_gen_altpll:auto_generated|wire_pll1_clk[0]'
Slack : 10.150
TNS   : 0.000

Type  : Fast 1200mV 0C Model Minimum Pulse Width 'usb_ifclk'
Slack : 10.150
TNS   : 0.000

Type  : Fast 1200mV 0C Model Minimum Pulse Width 'altera_reserved_tck'
Slack : 49.277
TNS   : 0.000

------------------------------------------------------------
