------------------------------------------------------------
TimeQuest Timing Analyzer Summary
------------------------------------------------------------

Type  : Slow 1200mV 85C Model Setup 'mipi_clkpll:mipi_clk_gen|altpll:altpll_component|mipi_clkpll_altpll:auto_generated|wire_pll1_clk[0]'
Slack : -16.310
TNS   : -108.294

Type  : Slow 1200mV 85C Model Setup 'clk_gen:main_clk_gen|altpll:altpll_component|clk_gen_altpll:auto_generated|wire_pll1_clk[0]'
Slack : -3.030
TNS   : -172.747

Type  : Slow 1200mV 85C Model Setup 'usb_ifclk'
Slack : -0.832
TNS   : -8.847

Type  : Slow 1200mV 85C Model Setup 'altera_reserved_tck'
Slack : 41.606
TNS   : 0.000

Type  : Slow 1200mV 85C Model Hold 'usb_ifclk'
Slack : -3.748
TNS   : -13690.003

Type  : Slow 1200mV 85C Model Hold 'clk_gen:main_clk_gen|altpll:altpll_component|clk_gen_altpll:auto_generated|wire_pll1_clk[0]'
Slack : 0.299
TNS   : 0.000

Type  : Slow 1200mV 85C Model Hold 'altera_reserved_tck'
Slack : 0.452
TNS   : 0.000

Type  : Slow 1200mV 85C Model Hold 'mipi_clkpll:mipi_clk_gen|altpll:altpll_component|mipi_clkpll_altpll:auto_generated|wire_pll1_clk[0]'
Slack : 0.452
TNS   : 0.000

Type  : Slow 1200mV 85C Model Recovery 'altera_reserved_tck'
Slack : 48.553
TNS   : 0.000

Type  : Slow 1200mV 85C Model Removal 'altera_reserved_tck'
Slack : 1.127
TNS   : 0.000

Type  : Slow 1200mV 85C Model Minimum Pulse Width 'CLK2'
Slack : 8.647
TNS   : 0.000

Type  : Slow 1200mV 85C Model Minimum Pulse Width 'mipi_clkpll:mipi_clk_gen|altpll:altpll_component|mipi_clkpll_altpll:auto_generated|wire_pll1_clk[0]'
Slack : 9.333
TNS   : 0.000

Type  : Slow 1200mV 85C Model Minimum Pulse Width 'clk_gen:main_clk_gen|altpll:altpll_component|clk_gen_altpll:auto_generated|wire_pll1_clk[0]'
Slack : 10.107
TNS   : 0.000

Type  : Slow 1200mV 85C Model Minimum Pulse Width 'usb_ifclk'
Slack : 10.107
TNS   : 0.000

Type  : Slow 1200mV 85C Model Minimum Pulse Width 'CLK1'
Slack : 10.275
TNS   : 0.000

Type  : Slow 1200mV 85C Model Minimum Pulse Width 'altera_reserved_tck'
Slack : 49.396
TNS   : 0.000

Type  : Slow 1200mV 0C Model Setup 'mipi_clkpll:mipi_clk_gen|altpll:altpll_component|mipi_clkpll_altpll:auto_generated|wire_pll1_clk[0]'
Slack : -15.360
TNS   : -103.780

Type  : Slow 1200mV 0C Model Setup 'clk_gen:main_clk_gen|altpll:altpll_component|clk_gen_altpll:auto_generated|wire_pll1_clk[0]'
Slack : -2.744
TNS   : -87.352

Type  : Slow 1200mV 0C Model Setup 'usb_ifclk'
Slack : 0.447
TNS   : 0.000

Type  : Slow 1200mV 0C Model Setup 'altera_reserved_tck'
Slack : 42.230
TNS   : 0.000

Type  : Slow 1200mV 0C Model Hold 'usb_ifclk'
Slack : -3.160
TNS   : -11406.684

Type  : Slow 1200mV 0C Model Hold 'clk_gen:main_clk_gen|altpll:altpll_component|clk_gen_altpll:auto_generated|wire_pll1_clk[0]'
Slack : 0.292
TNS   : 0.000

Type  : Slow 1200mV 0C Model Hold 'altera_reserved_tck'
Slack : 0.400
TNS   : 0.000

Type  : Slow 1200mV 0C Model Hold 'mipi_clkpll:mipi_clk_gen|altpll:altpll_component|mipi_clkpll_altpll:auto_generated|wire_pll1_clk[0]'
Slack : 0.400
TNS   : 0.000

Type  : Slow 1200mV 0C Model Recovery 'altera_reserved_tck'
Slack : 48.854
TNS   : 0.000

Type  : Slow 1200mV 0C Model Removal 'altera_reserved_tck'
Slack : 1.028
TNS   : 0.000

Type  : Slow 1200mV 0C Model Minimum Pulse Width 'CLK2'
Slack : 8.650
TNS   : 0.000

Type  : Slow 1200mV 0C Model Minimum Pulse Width 'mipi_clkpll:mipi_clk_gen|altpll:altpll_component|mipi_clkpll_altpll:auto_generated|wire_pll1_clk[0]'
Slack : 9.331
TNS   : 0.000

Type  : Slow 1200mV 0C Model Minimum Pulse Width 'clk_gen:main_clk_gen|altpll:altpll_component|clk_gen_altpll:auto_generated|wire_pll1_clk[0]'
Slack : 10.083
TNS   : 0.000

Type  : Slow 1200mV 0C Model Minimum Pulse Width 'usb_ifclk'
Slack : 10.083
TNS   : 0.000

Type  : Slow 1200mV 0C Model Minimum Pulse Width 'CLK1'
Slack : 10.272
TNS   : 0.000

Type  : Slow 1200mV 0C Model Minimum Pulse Width 'altera_reserved_tck'
Slack : 49.244
TNS   : 0.000

Type  : Fast 1200mV 0C Model Setup 'mipi_clkpll:mipi_clk_gen|altpll:altpll_component|mipi_clkpll_altpll:auto_generated|wire_pll1_clk[0]'
Slack : -8.461
TNS   : -53.263

Type  : Fast 1200mV 0C Model Setup 'clk_gen:main_clk_gen|altpll:altpll_component|clk_gen_altpll:auto_generated|wire_pll1_clk[0]'
Slack : -1.517
TNS   : -5.133

Type  : Fast 1200mV 0C Model Setup 'usb_ifclk'
Slack : 3.629
TNS   : 0.000

Type  : Fast 1200mV 0C Model Setup 'altera_reserved_tck'
Slack : 46.670
TNS   : 0.000

Type  : Fast 1200mV 0C Model Hold 'usb_ifclk'
Slack : -2.080
TNS   : -7947.409

Type  : Fast 1200mV 0C Model Hold 'clk_gen:main_clk_gen|altpll:altpll_component|clk_gen_altpll:auto_generated|wire_pll1_clk[0]'
Slack : 0.085
TNS   : 0.000

Type  : Fast 1200mV 0C Model Hold 'mipi_clkpll:mipi_clk_gen|altpll:altpll_component|mipi_clkpll_altpll:auto_generated|wire_pll1_clk[0]'
Slack : 0.185
TNS   : 0.000

Type  : Fast 1200mV 0C Model Hold 'altera_reserved_tck'
Slack : 0.186
TNS   : 0.000

Type  : Fast 1200mV 0C Model Recovery 'altera_reserved_tck'
Slack : 49.691
TNS   : 0.000

Type  : Fast 1200mV 0C Model Removal 'altera_reserved_tck'
Slack : 0.494
TNS   : 0.000

Type  : Fast 1200mV 0C Model Minimum Pulse Width 'CLK2'
Slack : 8.254
TNS   : 0.000

Type  : Fast 1200mV 0C Model Minimum Pulse Width 'mipi_clkpll:mipi_clk_gen|altpll:altpll_component|mipi_clkpll_altpll:auto_generated|wire_pll1_clk[0]'
Slack : 9.352
TNS   : 0.000

Type  : Fast 1200mV 0C Model Minimum Pulse Width 'CLK1'
Slack : 9.840
TNS   : 0.000

Type  : Fast 1200mV 0C Model Minimum Pulse Width 'clk_gen:main_clk_gen|altpll:altpll_component|clk_gen_altpll:auto_generated|wire_pll1_clk[0]'
Slack : 10.149
TNS   : 0.000

Type  : Fast 1200mV 0C Model Minimum Pulse Width 'usb_ifclk'
Slack : 10.149
TNS   : 0.000

Type  : Fast 1200mV 0C Model Minimum Pulse Width 'altera_reserved_tck'
Slack : 49.281
TNS   : 0.000

------------------------------------------------------------
