------------------------------------------------------------
TimeQuest Timing Analyzer Summary
------------------------------------------------------------

Type  : Slow 1200mV 85C Model Setup 'clk_gen:main_clk_gen|altpll:altpll_component|clk_gen_altpll:auto_generated|wire_pll1_clk[2]'
Slack : -14.868
TNS   : -1290.296

Type  : Slow 1200mV 85C Model Setup 'clk_gen:main_clk_gen|altpll:altpll_component|clk_gen_altpll:auto_generated|wire_pll1_clk[0]'
Slack : 0.981
TNS   : 0.000

Type  : Slow 1200mV 85C Model Setup 'mipi_clkpll:mipi_clk_gen|altpll:altpll_component|mipi_clkpll_altpll:auto_generated|wire_pll1_clk[0]'
Slack : 3.748
TNS   : 0.000

Type  : Slow 1200mV 85C Model Setup 'clk_gen:main_clk_gen|altpll:altpll_component|clk_gen_altpll:auto_generated|wire_pll1_clk[1]'
Slack : 14.222
TNS   : 0.000

Type  : Slow 1200mV 85C Model Setup 'altera_reserved_tck'
Slack : 41.569
TNS   : 0.000

Type  : Slow 1200mV 85C Model Hold 'clk_gen:main_clk_gen|altpll:altpll_component|clk_gen_altpll:auto_generated|wire_pll1_clk[2]'
Slack : -2.079
TNS   : -32.932

Type  : Slow 1200mV 85C Model Hold 'mipi_clkpll:mipi_clk_gen|altpll:altpll_component|mipi_clkpll_altpll:auto_generated|wire_pll1_clk[0]'
Slack : 0.433
TNS   : 0.000

Type  : Slow 1200mV 85C Model Hold 'clk_gen:main_clk_gen|altpll:altpll_component|clk_gen_altpll:auto_generated|wire_pll1_clk[0]'
Slack : 0.435
TNS   : 0.000

Type  : Slow 1200mV 85C Model Hold 'altera_reserved_tck'
Slack : 0.452
TNS   : 0.000

Type  : Slow 1200mV 85C Model Hold 'clk_gen:main_clk_gen|altpll:altpll_component|clk_gen_altpll:auto_generated|wire_pll1_clk[1]'
Slack : 6.496
TNS   : 0.000

Type  : Slow 1200mV 85C Model Recovery 'altera_reserved_tck'
Slack : 48.250
TNS   : 0.000

Type  : Slow 1200mV 85C Model Removal 'altera_reserved_tck'
Slack : 1.331
TNS   : 0.000

Type  : Slow 1200mV 85C Model Minimum Pulse Width 'clk_gen:main_clk_gen|altpll:altpll_component|clk_gen_altpll:auto_generated|wire_pll1_clk[2]'
Slack : 9.305
TNS   : 0.000

Type  : Slow 1200mV 85C Model Minimum Pulse Width 'mipi_clkpll:mipi_clk_gen|altpll:altpll_component|mipi_clkpll_altpll:auto_generated|wire_pll1_clk[0]'
Slack : 9.311
TNS   : 0.000

Type  : Slow 1200mV 85C Model Minimum Pulse Width 'clk_gen:main_clk_gen|altpll:altpll_component|clk_gen_altpll:auto_generated|wire_pll1_clk[0]'
Slack : 10.167
TNS   : 0.000

Type  : Slow 1200mV 85C Model Minimum Pulse Width 'CLK1'
Slack : 10.275
TNS   : 0.000

Type  : Slow 1200mV 85C Model Minimum Pulse Width 'CLK2'
Slack : 19.089
TNS   : 0.000

Type  : Slow 1200mV 85C Model Minimum Pulse Width 'altera_reserved_tck'
Slack : 49.378
TNS   : 0.000

Type  : Slow 1200mV 0C Model Setup 'clk_gen:main_clk_gen|altpll:altpll_component|clk_gen_altpll:auto_generated|wire_pll1_clk[2]'
Slack : -15.110
TNS   : -1224.857

Type  : Slow 1200mV 0C Model Setup 'clk_gen:main_clk_gen|altpll:altpll_component|clk_gen_altpll:auto_generated|wire_pll1_clk[0]'
Slack : 0.889
TNS   : 0.000

Type  : Slow 1200mV 0C Model Setup 'mipi_clkpll:mipi_clk_gen|altpll:altpll_component|mipi_clkpll_altpll:auto_generated|wire_pll1_clk[0]'
Slack : 4.885
TNS   : 0.000

Type  : Slow 1200mV 0C Model Setup 'clk_gen:main_clk_gen|altpll:altpll_component|clk_gen_altpll:auto_generated|wire_pll1_clk[1]'
Slack : 15.041
TNS   : 0.000

Type  : Slow 1200mV 0C Model Setup 'altera_reserved_tck'
Slack : 42.141
TNS   : 0.000

Type  : Slow 1200mV 0C Model Hold 'clk_gen:main_clk_gen|altpll:altpll_component|clk_gen_altpll:auto_generated|wire_pll1_clk[2]'
Slack : -1.669
TNS   : -26.367

Type  : Slow 1200mV 0C Model Hold 'mipi_clkpll:mipi_clk_gen|altpll:altpll_component|mipi_clkpll_altpll:auto_generated|wire_pll1_clk[0]'
Slack : 0.382
TNS   : 0.000

Type  : Slow 1200mV 0C Model Hold 'clk_gen:main_clk_gen|altpll:altpll_component|clk_gen_altpll:auto_generated|wire_pll1_clk[0]'
Slack : 0.387
TNS   : 0.000

Type  : Slow 1200mV 0C Model Hold 'altera_reserved_tck'
Slack : 0.400
TNS   : 0.000

Type  : Slow 1200mV 0C Model Hold 'clk_gen:main_clk_gen|altpll:altpll_component|clk_gen_altpll:auto_generated|wire_pll1_clk[1]'
Slack : 5.724
TNS   : 0.000

Type  : Slow 1200mV 0C Model Recovery 'altera_reserved_tck'
Slack : 48.529
TNS   : 0.000

Type  : Slow 1200mV 0C Model Removal 'altera_reserved_tck'
Slack : 1.238
TNS   : 0.000

Type  : Slow 1200mV 0C Model Minimum Pulse Width 'clk_gen:main_clk_gen|altpll:altpll_component|clk_gen_altpll:auto_generated|wire_pll1_clk[2]'
Slack : 9.275
TNS   : 0.000

Type  : Slow 1200mV 0C Model Minimum Pulse Width 'mipi_clkpll:mipi_clk_gen|altpll:altpll_component|mipi_clkpll_altpll:auto_generated|wire_pll1_clk[0]'
Slack : 9.278
TNS   : 0.000

Type  : Slow 1200mV 0C Model Minimum Pulse Width 'clk_gen:main_clk_gen|altpll:altpll_component|clk_gen_altpll:auto_generated|wire_pll1_clk[0]'
Slack : 10.122
TNS   : 0.000

Type  : Slow 1200mV 0C Model Minimum Pulse Width 'CLK1'
Slack : 10.272
TNS   : 0.000

Type  : Slow 1200mV 0C Model Minimum Pulse Width 'CLK2'
Slack : 19.086
TNS   : 0.000

Type  : Slow 1200mV 0C Model Minimum Pulse Width 'altera_reserved_tck'
Slack : 49.219
TNS   : 0.000

Type  : Fast 1200mV 0C Model Setup 'clk_gen:main_clk_gen|altpll:altpll_component|clk_gen_altpll:auto_generated|wire_pll1_clk[2]'
Slack : -14.934
TNS   : -844.802

Type  : Fast 1200mV 0C Model Setup 'clk_gen:main_clk_gen|altpll:altpll_component|clk_gen_altpll:auto_generated|wire_pll1_clk[0]'
Slack : 3.320
TNS   : 0.000

Type  : Fast 1200mV 0C Model Setup 'mipi_clkpll:mipi_clk_gen|altpll:altpll_component|mipi_clkpll_altpll:auto_generated|wire_pll1_clk[0]'
Slack : 11.554
TNS   : 0.000

Type  : Fast 1200mV 0C Model Setup 'clk_gen:main_clk_gen|altpll:altpll_component|clk_gen_altpll:auto_generated|wire_pll1_clk[1]'
Slack : 17.452
TNS   : 0.000

Type  : Fast 1200mV 0C Model Setup 'altera_reserved_tck'
Slack : 46.437
TNS   : 0.000

Type  : Fast 1200mV 0C Model Hold 'clk_gen:main_clk_gen|altpll:altpll_component|clk_gen_altpll:auto_generated|wire_pll1_clk[2]'
Slack : -0.730
TNS   : -11.342

Type  : Fast 1200mV 0C Model Hold 'clk_gen:main_clk_gen|altpll:altpll_component|clk_gen_altpll:auto_generated|wire_pll1_clk[0]'
Slack : 0.173
TNS   : 0.000

Type  : Fast 1200mV 0C Model Hold 'mipi_clkpll:mipi_clk_gen|altpll:altpll_component|mipi_clkpll_altpll:auto_generated|wire_pll1_clk[0]'
Slack : 0.178
TNS   : 0.000

Type  : Fast 1200mV 0C Model Hold 'altera_reserved_tck'
Slack : 0.186
TNS   : 0.000

Type  : Fast 1200mV 0C Model Hold 'clk_gen:main_clk_gen|altpll:altpll_component|clk_gen_altpll:auto_generated|wire_pll1_clk[1]'
Slack : 3.295
TNS   : 0.000

Type  : Fast 1200mV 0C Model Recovery 'altera_reserved_tck'
Slack : 49.531
TNS   : 0.000

Type  : Fast 1200mV 0C Model Removal 'altera_reserved_tck'
Slack : 0.562
TNS   : 0.000

Type  : Fast 1200mV 0C Model Minimum Pulse Width 'clk_gen:main_clk_gen|altpll:altpll_component|clk_gen_altpll:auto_generated|wire_pll1_clk[2]'
Slack : 9.349
TNS   : 0.000

Type  : Fast 1200mV 0C Model Minimum Pulse Width 'mipi_clkpll:mipi_clk_gen|altpll:altpll_component|mipi_clkpll_altpll:auto_generated|wire_pll1_clk[0]'
Slack : 9.352
TNS   : 0.000

Type  : Fast 1200mV 0C Model Minimum Pulse Width 'CLK1'
Slack : 9.840
TNS   : 0.000

Type  : Fast 1200mV 0C Model Minimum Pulse Width 'clk_gen:main_clk_gen|altpll:altpll_component|clk_gen_altpll:auto_generated|wire_pll1_clk[0]'
Slack : 10.146
TNS   : 0.000

Type  : Fast 1200mV 0C Model Minimum Pulse Width 'CLK2'
Slack : 18.654
TNS   : 0.000

Type  : Fast 1200mV 0C Model Minimum Pulse Width 'altera_reserved_tck'
Slack : 49.282
TNS   : 0.000

------------------------------------------------------------
